// Jest Snapshot v1, https://goo.gl/fbAQLP

exports[`render Signature unchanged 1`] = `
<div>
  <a
    class="text-white fixed bottom-4 right-2 rotate-[-90deg] origin-bottom-left translate-x-[100%] font-roboto uppercase tracking-[0.3rem] max-sm:text-[8px] text-[10px] font-thin opacity-70 mix-blend-difference hover:opacity-100 z-[1000]"
    href="https://github.com/vioule"
    rel="author"
    target="_blank"
  >
    <span>
      design & development - Cano Vincent
    </span>
  </a>
</div>
`;
