// Jest Snapshot v1, https://goo.gl/fbAQLP

exports[`render Description unchanged 1`] = `
<div>
  <div
    class="hidden"
    id="description"
  >
    <div
      class="absolute top-[-2.7rem] h-[2.7rem] left-0 w-full uppercase font-roboto overflow-hidden"
    >
      <div
        class="absolute top-0 left-0 w-full bg-black h-[2.7rem] font-black text-white tracking-[0.4rem]"
      >
        <span
          class="block absolute top-[110%] left-0 w-full height-full pl-1"
          id="name"
        >
          cristiano ronaldo
        </span>
      </div>
      <div
        class="absolute bottom-0 left-0 w-full bg-black h-[1.2rem] text-gold text-[0.6rem] tracking-[0.2rem]"
      >
        <span
          class="block absolute top-[110%] left-0 w-full height-full pl-1"
          id="comp"
        >
          UEFA champions league
        </span>
      </div>
    </div>
    <div
      class="absolute bottom-[-1.5rem] h-[1.5rem] right-0 w-full font-rocksalt overflow-hidden"
    >
      <div
        class="absolute top-0 right-0 w-full bg-black h-[2.7rem] font-normal text-white text-[0.6rem] tracking-[0.4rem]"
      >
        <span
          class="block absolute top-[-110%] left-0 w-full height-full pr-1 text-right pt-2"
          id="year"
        >
          2009
        </span>
      </div>
    </div>
  </div>
</div>
`;
